---
source: src/ui/changelog.rs
expression: terminal.backend()
---
"                                                                                "
"[0.5.0]                                                                         "
"                                                                                "
"Features                                                                        "
"* Feature 1                                                                     "
"* Feature 2                                                                     "
"                                                                                "
"Bug Fixes                                                                       "
"* Fix 1                                                                         "
"* Fix 2                                                                         "
"────────────────────────────────────────────────────────────────────────────────"
"                                                                                "
"                                                                                "
"                                                                                "
"                                                                                "
"                                                                                "
"                                                                                "
"                                                                                "
"                                                                                "
"                                                                                "
"                                                                                "
"                                                                                "
"                                                                                "
"                                                                                "
"                                                                                "
"                                                                                "
"                                                                                "
"                                                                                "
" Vote | ↑ | ↓ | Quit                                                            "
"                                                                                "
