---
source: src/ui/voting.rs
expression: terminal.backend()
---
"╭Overview──────────────────────────────────────────────────────────────────────╮"
"│Name: Test User | Room: Planning Room | Server: wss://mocked | State: Playing │"
"╰──────────────────────────────────────────────────────────────────────────────╯"
"╭Players───────╮╭Your vote───────────────╮                                      "
"│Name   Vote   ││                        │                                      "
"│              ││                        │                                      "
"│test   -      ││                        │                                      "
"│              ││        ██████          │                                      "
"│              ││                        │                                      "
"│              ││                        │                                      "
"│              ││                        │                                      "
"│              │╰────────────────────────╯                                      "
"│              │╭Log───────────────────────────────────────────────────────────╮"
"│              ││[Server]: test played a card                                  │"
"│              ││[Server]: test revealed all cards                             │"
"│              ││[Server]: test started a new round                            │"
"╰──────────────╯╰──────────────────────────────────────────────────────────────╯"
"                                                                                "
" Vote | Reveal | History | Name change | Chat | Quit                            "
"                                                                                "
