---
source: src/ui/history.rs
expression: terminal.backend()
---
"╭Overview──────────────────────────────────────────────────────────────────────╮"
"│Name: Test User | Room: Planning Room | Server: wss://mocked | State: Playing │"
"╰──────────────────────────────────────────────────────────────────────────────╯"
"╭History───────────────────────╮                                                "
"│Round    Average     Duration │                                                "
"│                              │                                                "
"│                              │                                                "
"│                              │                                                "
"│                              │                                                "
"│                              │                                                "
"│                              │                                                "
"│                              │                                                "
"│                              │                                                "
"│                              │                                                "
"│                              │                                                "
"│                              │                                                "
"╰──────────────────────────────╯                                                "
"                                                                                "
" Vote | ↑ | ↓ | Quit                                                            "
"                                                                                "
