---
source: src/ui/voting.rs
expression: terminal.backend()
---
"╭Overview──────────────────────────────────────────────────────────────────────╮"
"│Name: Test User | Room: Planning Room | Server: wss://mocked | State: Playing │"
"╰──────────────────────────────────────────────────────────────────────────────╯"
"╭Players───────╮╭Your vote───────────────╮                                      "
"│Name    Vote  ││        ██████          │                                      "
"│              ││        ██              │                                      "
"│other   -     ││        █████           │                                      "
"│test    5     ││            ██          │                                      "
"│              ││            ██          │                                      "
"│              ││        ██  ██          │                                      "
"│              ││         ████           │                                      "
"│              │╰────────────────────────╯                                      "
"│              │╭Log───────────────────────────────────────────────────────────╮"
"│              ││[Server]: test joined the room                                │"
"│              ││[Server]: other joined the room                               │"
"│              ││[Server]: test played a card                                  │"
"╰──────────────╯╰──────────────────────────────────────────────────────────────╯"
"                                                                                "
" Vote | Reveal | History | Name change | Chat | Quit                            "
"                                                                                "
